node.exe : FAIL src/application/services/streak.service.spec.ts
En línea: 1 Carácter: 1
+ & "C:\Program Files\nodejs/node.exe" "C:\Program Files\nodejs/node_mo ...
+ ~~~~~~~~~~~~~~~~~~~~~~~~~~~~~~~~~~~~~~~~~~~~~~~~~~~~~~~~~~~~~~~~~~~~~
    + CategoryInfo          : NotSpecified: (FAIL src/applic...service.spec.ts:String) [], RemoteException
    + FullyQualifiedErrorId : NativeCommandError
 
  StreakService
    ÔêÜ should be defined (13 ms)
    calculateStreak
      ÔêÜ should return 0 if no attendance exists (4 ms)
      ÔêÜ should increment streak if last attendance was yesterday (3 ms)
      ├ù should maintain streak if last attendance was today (already calculated) (4 ms)
      ÔêÜ should reset streak if gap > 1 day (weekday) (4 ms)
      ÔêÜ should NOT break streak if gap is only weekends (3 ms)

  ÔùÅ StreakService ÔÇ║ calculateStreak ÔÇ║ should maintain streak if last attendance was today (already calculated)

    expect(received).toBe(expected) // Object.is equality

    Expected: 5
    Received: 6

    [0m [90m 83 |[39m
     [90m 84 |[39m             [36mconst[39m streak [33m=[39m [36mawait[39m service[33m.[39mcalculateStreak([32m'1'[39m)[33m;[39m
    [31m[1m>[22m[39m[90m 85 |[39m             expect(streak)[33m.[39mtoBe([35m5[39m)[33m;[39m [90m// Should not increment again[39m
     [90m    |[39m                            [31m[1m^[22m[39m
     [90m 86 |[39m         })[33m;[39m
     [90m 87 |[39m
     [90m 88 |[39m         it([32m'should reset streak if gap > 1 day (weekday)'[39m[33m,[39m [36masync[39m () [33m=>[39m {[0m

      at Object.<anonymous> (application/services/streak.service.spec.ts:85:28)

Test Suites: 1 failed, 1 total
Tests:       1 failed, 5 passed, 6 total
Snapshots:   0 total
Time:        1.5 s, estimated 2 s
Ran all test suites matching src/application/services/streak.service.spec.ts.
